To honour the JVM settings for this build a single-use Daemon process will be forked. For more on this, please refer to https://docs.gradle.org/8.14/userguide/gradle_daemon.html#sec:disabling_the_daemon in the Gradle documentation.
Daemon will be stopped at the end of the build 

[Incubating] Problems report is available at: file:///C:/Users/MW/Downloads/coding/PZ/Pulse/build/reports/problems/problems-report.html
.\gradlew.bat : 
At line:1 char:1
+ .\gradlew.bat clean shadowJ
ar --no-daemon --console=plai
n --stacktrac ...
+ ~~~~~~~~~~~~~~~~~~~~~~~~~~~
~~~~~~~~~~~~~~~~~~~~~~~~~~~~~
~~~~~~~~~~~~~
    + CategoryInfo           
   : NotSpecified: (:String  
  ) [], RemoteException
    + FullyQualifiedErrorId  
   : NativeCommandError
 
FAILURE: Build failed with an
 exception.

* Where:
Build file 'C:\Users\MW\Downl
oads\coding\PZ\Pulse\build.gr
adle' line: 26

* What went wrong:
A problem occurred evaluating
 root project 'Pulse'.
> Project with path ':pulse-a
pi' could not be found in roo
t project 'Pulse'.

* Try:
> Run with --info or --debug 
option to get more log output
.
> Run with --scan to get full
 insights.
> Get more help at https://he
lp.gradle.org.

* Exception is:
org.gradle.api.GradleScriptEx
ception: A problem occurred e
valuating root project 'Pulse
'.
	at org.gradle.groovy.scripts
.internal.DefaultScriptRunner
Factory$ScriptRunnerImpl.run(
DefaultScriptRunnerFactory.ja
va:93)
	at org.gradle.configuration.
DefaultScriptPluginFactory$Sc
riptPluginImpl.lambda$apply$1
(DefaultScriptPluginFactory.j
ava:141)
	at org.gradle.configuration.
ProjectScriptTarget.addConfig
uration(ProjectScriptTarget.j
ava:79)
	at org.gradle.configuration.
DefaultScriptPluginFactory$Sc
riptPluginImpl.apply(DefaultS
criptPluginFactory.java:144)
	at org.gradle.configuration.
BuildOperationScriptPlugin$1.
run(BuildOperationScriptPlugi
n.java:68)
	at org.gradle.internal.opera
tions.DefaultBuildOperationRu
nner$1.execute(DefaultBuildOp
erationRunner.java:30)
	at org.gradle.internal.opera
tions.DefaultBuildOperationRu
nner$1.execute(DefaultBuildOp
erationRunner.java:27)
	at org.gradle.internal.opera
tions.DefaultBuildOperationRu
nner$2.execute(DefaultBuildOp
erationRunner.java:67)
	at org.gradle.internal.opera
tions.DefaultBuildOperationRu
nner$2.execute(DefaultBuildOp
erationRunner.java:60)
	at org.gradle.internal.opera
tions.DefaultBuildOperationRu
nner.execute(DefaultBuildOper
ationRunner.java:167)
	at org.gradle.internal.opera
tions.DefaultBuildOperationRu
nner.execute(DefaultBuildOper
ationRunner.java:60)
	at org.gradle.internal.opera
tions.DefaultBuildOperationRu
nner.run(DefaultBuildOperatio
nRunner.java:48)
	at org.gradle.configuration.
BuildOperationScriptPlugin.la
mbda$apply$0(BuildOperationSc
riptPlugin.java:65)
	at org.gradle.internal.code.
DefaultUserCodeApplicationCon
text.apply(DefaultUserCodeApp
licationContext.java:44)
	at org.gradle.configuration.
BuildOperationScriptPlugin.ap
ply(BuildOperationScriptPlugi
n.java:65)
	at org.gradle.api.internal.p
roject.DefaultProjectStateReg
istry$ProjectStateImpl.lambda
$applyToMutableState$1(Defaul
tProjectStateRegistry.java:43
5)
	at org.gradle.api.internal.p
roject.DefaultProjectStateReg
istry$ProjectStateImpl.fromMu
tableState(DefaultProjectStat
eRegistry.java:453)
	at org.gradle.api.internal.p
roject.DefaultProjectStateReg
istry$ProjectStateImpl.applyT
oMutableState(DefaultProjectS
tateRegistry.java:434)
	at org.gradle.configuration.
project.BuildScriptProcessor.
execute(BuildScriptProcessor.
java:46)
	at org.gradle.configuration.
project.BuildScriptProcessor.
execute(BuildScriptProcessor.
java:27)
	at org.gradle.configuration.
project.ConfigureActionsProje
ctEvaluator.evaluate(Configur
eActionsProjectEvaluator.java
:35)
	at org.gradle.configuration.
project.LifecycleProjectEvalu
ator$EvaluateProject.lambda$r
un$0(LifecycleProjectEvaluato
r.java:109)
	at org.gradle.api.internal.p
roject.DefaultProjectStateReg
istry$ProjectStateImpl.lambda
$applyToMutableState$1(Defaul
tProjectStateRegistry.java:43
5)
	at org.gradle.api.internal.p
roject.DefaultProjectStateReg
istry$ProjectStateImpl.lambda
$fromMutableState$2(DefaultPr
ojectStateRegistry.java:458)
	at org.gradle.internal.work.
DefaultWorkerLeaseService.wit
hReplacedLocks(DefaultWorkerL
easeService.java:359)
	at org.gradle.api.internal.p
roject.DefaultProjectStateReg
istry$ProjectStateImpl.fromMu
tableState(DefaultProjectStat
eRegistry.java:458)
	at org.gradle.api.internal.p
roject.DefaultProjectStateReg
istry$ProjectStateImpl.applyT
oMutableState(DefaultProjectS
tateRegistry.java:434)
	at org.gradle.configuration.
project.LifecycleProjectEvalu
ator$EvaluateProject.run(Life
cycleProjectEvaluator.java:10
0)
	at org.gradle.internal.opera
tions.DefaultBuildOperationRu
nner$1.execute(DefaultBuildOp
erationRunner.java:30)
	at org.gradle.internal.opera
tions.DefaultBuildOperationRu
nner$1.execute(DefaultBuildOp
erationRunner.java:27)
	at org.gradle.internal.opera
tions.DefaultBuildOperationRu
nner$2.execute(DefaultBuildOp
erationRunner.java:67)
	at org.gradle.internal.opera
tions.DefaultBuildOperationRu
nner$2.execute(DefaultBuildOp
erationRunner.java:60)
	at org.gradle.internal.opera
tions.DefaultBuildOperationRu
nner.execute(DefaultBuildOper
ationRunner.java:167)
	at org.gradle.internal.opera
tions.DefaultBuildOperationRu
nner.execute(DefaultBuildOper
ationRunner.java:60)
	at org.gradle.internal.opera
tions.DefaultBuildOperationRu
nner.run(DefaultBuildOperatio
nRunner.java:48)
	at org.gradle.configuration.
project.LifecycleProjectEvalu
ator.evaluate(LifecycleProjec
tEvaluator.java:72)
	at org.gradle.api.internal.p
roject.DefaultProject.evaluat
eUnchecked(DefaultProject.jav
a:827)
	at org.gradle.api.internal.p
roject.ProjectLifecycleContro
ller.lambda$ensureSelfConfigu
red$2(ProjectLifecycleControl
ler.java:88)
	at org.gradle.internal.model
.StateTransitionController.la
mbda$doTransition$14(StateTra
nsitionController.java:255)
	at org.gradle.internal.model
.StateTransitionController.do
Transition(StateTransitionCon
troller.java:266)
	at org.gradle.internal.model
.StateTransitionController.do
Transition(StateTransitionCon
troller.java:254)
	at org.gradle.internal.model
.StateTransitionController.la
mbda$maybeTransitionIfNotCurr
entlyTransitioning$10(StateTr
ansitionController.java:199)
	at org.gradle.internal.work.
DefaultSynchronizer.withLock(
DefaultSynchronizer.java:36)
	at org.gradle.internal.model
.StateTransitionController.ma
ybeTransitionIfNotCurrentlyTr
ansitioning(StateTransitionCo
ntroller.java:195)
	at org.gradle.api.internal.p
roject.ProjectLifecycleContro
ller.ensureSelfConfigured(Pro
jectLifecycleController.java:
88)
	at org.gradle.api.internal.p
roject.DefaultProjectStateReg
istry$ProjectStateImpl.ensure
Configured(DefaultProjectStat
eRegistry.java:400)
	at org.gradle.execution.Task
PathProjectEvaluator.configur
e(TaskPathProjectEvaluator.ja
va:70)
	at org.gradle.execution.Task
PathProjectEvaluator.configur
eHierarchy(TaskPathProjectEva
luator.java:84)
	at org.gradle.configuration.
DefaultProjectsPreparer.prepa
reProjects(DefaultProjectsPre
parer.java:50)
	at org.gradle.configuration.
BuildTreePreparingProjectsPre
parer.prepareProjects(BuildTr
eePreparingProjectsPreparer.j
ava:65)
	at org.gradle.configuration.
BuildOperationFiringProjectsP
reparer$ConfigureBuild.run(Bu
ildOperationFiringProjectsPre
parer.java:52)
	at org.gradle.internal.opera
tions.DefaultBuildOperationRu
nner$1.execute(DefaultBuildOp
erationRunner.java:30)
	at org.gradle.internal.opera
tions.DefaultBuildOperationRu
nner$1.execute(DefaultBuildOp
erationRunner.java:27)
	at org.gradle.internal.opera
tions.DefaultBuildOperationRu
nner$2.execute(DefaultBuildOp
erationRunner.java:67)
	at org.gradle.internal.opera
tions.DefaultBuildOperationRu
nner$2.execute(DefaultBuildOp
erationRunner.java:60)
	at org.gradle.internal.opera
tions.DefaultBuildOperationRu
nner.execute(DefaultBuildOper
ationRunner.java:167)
	at org.gradle.internal.opera
tions.DefaultBuildOperationRu
nner.execute(DefaultBuildOper
ationRunner.java:60)
	at org.gradle.internal.opera
tions.DefaultBuildOperationRu
nner.run(DefaultBuildOperatio
nRunner.java:48)
	at org.gradle.configuration.
BuildOperationFiringProjectsP
reparer.prepareProjects(Build
OperationFiringProjectsPrepar
er.java:40)
	at org.gradle.initialization
.VintageBuildModelController.
lambda$prepareProjects$2(Vint
ageBuildModelController.java:
84)
	at org.gradle.internal.model
.StateTransitionController.la
mbda$doTransition$14(StateTra
nsitionController.java:255)
	at org.gradle.internal.model
.StateTransitionController.do
Transition(StateTransitionCon
troller.java:266)
	at org.gradle.internal.model
.StateTransitionController.do
Transition(StateTransitionCon
troller.java:254)
	at org.gradle.internal.model
.StateTransitionController.la
mbda$transitionIfNotPreviousl
y$11(StateTransitionControlle
r.java:213)
	at org.gradle.internal.work.
DefaultSynchronizer.withLock(
DefaultSynchronizer.java:36)
	at org.gradle.internal.model
.StateTransitionController.tr
ansitionIfNotPreviously(State
TransitionController.java:209
)
	at org.gradle.initialization
.VintageBuildModelController.
prepareProjects(VintageBuildM
odelController.java:84)
	at org.gradle.initialization
.VintageBuildModelController.
prepareToScheduleTasks(Vintag
eBuildModelController.java:71
)
	at org.gradle.internal.build
.DefaultBuildLifecycleControl
ler.lambda$prepareToScheduleT
asks$6(DefaultBuildLifecycleC
ontroller.java:175)
	at org.gradle.internal.model
.StateTransitionController.la
mbda$doTransition$14(StateTra
nsitionController.java:255)
	at org.gradle.internal.model
.StateTransitionController.do
Transition(StateTransitionCon
troller.java:266)
	at org.gradle.internal.model
.StateTransitionController.do
Transition(StateTransitionCon
troller.java:254)
	at org.gradle.internal.model
.StateTransitionController.la
mbda$maybeTransition$9(StateT
ransitionController.java:190)
	at org.gradle.internal.work.
DefaultSynchronizer.withLock(
DefaultSynchronizer.java:36)
	at org.gradle.internal.model
.StateTransitionController.ma
ybeTransition(StateTransition
Controller.java:186)
	at org.gradle.internal.build
.DefaultBuildLifecycleControl
ler.prepareToScheduleTasks(De
faultBuildLifecycleController
.java:173)
	at org.gradle.internal.build
tree.DefaultBuildTreeWorkPrep
arer.scheduleRequestedTasks(D
efaultBuildTreeWorkPreparer.j
ava:36)
	at org.gradle.internal.cc.im
pl.VintageBuildTreeWorkContro
ller$scheduleAndRunRequestedT
asks$1.apply(VintageBuildTree
WorkController.kt:36)
	at org.gradle.internal.cc.im
pl.VintageBuildTreeWorkContro
ller$scheduleAndRunRequestedT
asks$1.apply(VintageBuildTree
WorkController.kt:35)
	at org.gradle.composite.inte
rnal.DefaultIncludedBuildTask
Graph.withNewWorkGraph(Defaul
tIncludedBuildTaskGraph.java:
112)
	at org.gradle.internal.cc.im
pl.VintageBuildTreeWorkContro
ller.scheduleAndRunRequestedT
asks(VintageBuildTreeWorkCont
roller.kt:35)
	at org.gradle.internal.build
tree.DefaultBuildTreeLifecycl
eController.lambda$scheduleAn
dRunTasks$1(DefaultBuildTreeL
ifecycleController.java:77)
	at org.gradle.internal.build
tree.DefaultBuildTreeLifecycl
eController.lambda$runBuild$4
(DefaultBuildTreeLifecycleCon
troller.java:120)
	at org.gradle.internal.model
.StateTransitionController.la
mbda$transition$6(StateTransi
tionController.java:169)
	at org.gradle.internal.model
.StateTransitionController.do
Transition(StateTransitionCon
troller.java:266)
	at org.gradle.internal.model
.StateTransitionController.la
mbda$transition$7(StateTransi
tionController.java:169)
	at org.gradle.internal.work.
DefaultSynchronizer.withLock(
DefaultSynchronizer.java:46)
	at org.gradle.internal.model
.StateTransitionController.tr
ansition(StateTransitionContr
oller.java:169)
	at org.gradle.internal.build
tree.DefaultBuildTreeLifecycl
eController.runBuild(DefaultB
uildTreeLifecycleController.j
ava:117)
	at org.gradle.internal.build
tree.DefaultBuildTreeLifecycl
eController.scheduleAndRunTas
ks(DefaultBuildTreeLifecycleC
ontroller.java:77)
	at org.gradle.internal.build
tree.DefaultBuildTreeLifecycl
eController.scheduleAndRunTas
ks(DefaultBuildTreeLifecycleC
ontroller.java:72)
	at org.gradle.tooling.intern
al.provider.ExecuteBuildActio
nRunner.run(ExecuteBuildActio
nRunner.java:31)
	at org.gradle.launcher.exec.
ChainingBuildActionRunner.run
(ChainingBuildActionRunner.ja
va:35)
	at org.gradle.internal.build
tree.ProblemReportingBuildAct
ionRunner.run(ProblemReportin
gBuildActionRunner.java:49)
	at org.gradle.launcher.exec.
BuildOutcomeReportingBuildAct
ionRunner.run(BuildOutcomeRep
ortingBuildActionRunner.java:
71)
	at org.gradle.tooling.intern
al.provider.FileSystemWatchin
gBuildActionRunner.run(FileSy
stemWatchingBuildActionRunner
.java:135)
	at org.gradle.launcher.exec.
BuildCompletionNotifyingBuild
ActionRunner.run(BuildComplet
ionNotifyingBuildActionRunner
.java:41)
	at org.gradle.launcher.exec.
RootBuildLifecycleBuildAction
Executor.lambda$execute$0(Roo
tBuildLifecycleBuildActionExe
cutor.java:54)
	at org.gradle.composite.inte
rnal.DefaultRootBuildState.ru
n(DefaultRootBuildState.java:
130)
	at org.gradle.launcher.exec.
RootBuildLifecycleBuildAction
Executor.execute(RootBuildLif
ecycleBuildActionExecutor.jav
a:54)
	at org.gradle.internal.build
tree.InitDeprecationLoggingAc
tionExecutor.execute(InitDepr
ecationLoggingActionExecutor.
java:62)
	at org.gradle.internal.build
tree.InitProblems.execute(Ini
tProblems.java:36)
	at org.gradle.internal.build
tree.DefaultBuildTreeContext.
execute(DefaultBuildTreeConte
xt.java:40)
	at org.gradle.launcher.exec.
BuildTreeLifecycleBuildAction
Executor.lambda$execute$0(Bui
ldTreeLifecycleBuildActionExe
cutor.java:71)
	at org.gradle.internal.build
tree.BuildTreeState.run(Build
TreeState.java:60)
	at org.gradle.launcher.exec.
BuildTreeLifecycleBuildAction
Executor.execute(BuildTreeLif
ecycleBuildActionExecutor.jav
a:71)
	at org.gradle.launcher.exec.
RunAsBuildOperationBuildActio
nExecutor$2.call(RunAsBuildOp
erationBuildActionExecutor.ja
va:67)
	at org.gradle.launcher.exec.
RunAsBuildOperationBuildActio
nExecutor$2.call(RunAsBuildOp
erationBuildActionExecutor.ja
va:63)
	at org.gradle.internal.opera
tions.DefaultBuildOperationRu
nner$CallableBuildOperationWo
rker.execute(DefaultBuildOper
ationRunner.java:210)
	at org.gradle.internal.opera
tions.DefaultBuildOperationRu
nner$CallableBuildOperationWo
rker.execute(DefaultBuildOper
ationRunner.java:205)
	at org.gradle.internal.opera
tions.DefaultBuildOperationRu
nner$2.execute(DefaultBuildOp
erationRunner.java:67)
	at org.gradle.internal.opera
tions.DefaultBuildOperationRu
nner$2.execute(DefaultBuildOp
erationRunner.java:60)
	at org.gradle.internal.opera
tions.DefaultBuildOperationRu
nner.execute(DefaultBuildOper
ationRunner.java:167)
	at org.gradle.internal.opera
tions.DefaultBuildOperationRu
nner.execute(DefaultBuildOper
ationRunner.java:60)
	at org.gradle.internal.opera
tions.DefaultBuildOperationRu
nner.call(DefaultBuildOperati
onRunner.java:54)
	at org.gradle.launcher.exec.
RunAsBuildOperationBuildActio
nExecutor.execute(RunAsBuildO
perationBuildActionExecutor.j
ava:63)
	at org.gradle.launcher.exec.
RunAsWorkerThreadBuildActionE
xecutor.lambda$execute$0(RunA
sWorkerThreadBuildActionExecu
tor.java:36)
	at org.gradle.internal.work.
DefaultWorkerLeaseService.wit
hLocks(DefaultWorkerLeaseServ
ice.java:263)
	at org.gradle.internal.work.
DefaultWorkerLeaseService.run
AsWorkerThread(DefaultWorkerL
easeService.java:127)
	at org.gradle.launcher.exec.
RunAsWorkerThreadBuildActionE
xecutor.execute(RunAsWorkerTh
readBuildActionExecutor.java:
36)
	at org.gradle.tooling.intern
al.provider.continuous.Contin
uousBuildActionExecutor.execu
te(ContinuousBuildActionExecu
tor.java:110)
	at org.gradle.tooling.intern
al.provider.SubscribableBuild
ActionExecutor.execute(Subscr
ibableBuildActionExecutor.jav
a:64)
	at org.gradle.internal.sessi
on.DefaultBuildSessionContext
.execute(DefaultBuildSessionC
ontext.java:46)
	at org.gradle.internal.build
process.execution.BuildSessio
nLifecycleBuildActionExecutor
$ActionImpl.apply(BuildSessio
nLifecycleBuildActionExecutor
.java:92)
	at org.gradle.internal.build
process.execution.BuildSessio
nLifecycleBuildActionExecutor
$ActionImpl.apply(BuildSessio
nLifecycleBuildActionExecutor
.java:80)
	at org.gradle.internal.sessi
on.BuildSessionState.run(Buil
dSessionState.java:73)
	at org.gradle.internal.build
process.execution.BuildSessio
nLifecycleBuildActionExecutor
.execute(BuildSessionLifecycl
eBuildActionExecutor.java:62)
	at org.gradle.internal.build
process.execution.BuildSessio
nLifecycleBuildActionExecutor
.execute(BuildSessionLifecycl
eBuildActionExecutor.java:41)
	at org.gradle.internal.build
process.execution.StartParams
ValidatingActionExecutor.exec
ute(StartParamsValidatingActi
onExecutor.java:64)
	at org.gradle.internal.build
process.execution.StartParams
ValidatingActionExecutor.exec
ute(StartParamsValidatingActi
onExecutor.java:32)
	at org.gradle.internal.build
process.execution.SessionFail
ureReportingActionExecutor.ex
ecute(SessionFailureReporting
ActionExecutor.java:51)
	at org.gradle.internal.build
process.execution.SessionFail
ureReportingActionExecutor.ex
ecute(SessionFailureReporting
ActionExecutor.java:39)
	at org.gradle.internal.build
process.execution.SetupLoggin
gActionExecutor.execute(Setup
LoggingActionExecutor.java:47
)
	at org.gradle.internal.build
process.execution.SetupLoggin
gActionExecutor.execute(Setup
LoggingActionExecutor.java:31
)
	at org.gradle.launcher.daemo
n.server.exec.ExecuteBuild.do
Build(ExecuteBuild.java:70)
	at org.gradle.launcher.daemo
n.server.exec.BuildCommandOnl
y.execute(BuildCommandOnly.ja
va:37)
	at org.gradle.launcher.daemo
n.server.api.DaemonCommandExe
cution.proceed(DaemonCommandE
xecution.java:104)
	at org.gradle.launcher.daemo
n.server.exec.WatchForDisconn
ection.execute(WatchForDiscon
nection.java:39)
	at org.gradle.launcher.daemo
n.server.api.DaemonCommandExe
cution.proceed(DaemonCommandE
xecution.java:104)
	at org.gradle.launcher.daemo
n.server.exec.ResetDeprecatio
nLogger.execute(ResetDeprecat
ionLogger.java:29)
	at org.gradle.launcher.daemo
n.server.api.DaemonCommandExe
cution.proceed(DaemonCommandE
xecution.java:104)
	at org.gradle.launcher.daemo
n.server.exec.RequestStopIfSi
ngleUsedDaemon.execute(Reques
tStopIfSingleUsedDaemon.java:
35)
	at org.gradle.launcher.daemo
n.server.api.DaemonCommandExe
cution.proceed(DaemonCommandE
xecution.java:104)
	at org.gradle.launcher.daemo
n.server.exec.ForwardClientIn
put.lambda$execute$0(ForwardC
lientInput.java:40)
	at org.gradle.internal.daemo
n.clientinput.ClientInputForw
arder.forwardInput(ClientInpu
tForwarder.java:80)
	at org.gradle.launcher.daemo
n.server.exec.ForwardClientIn
put.execute(ForwardClientInpu
t.java:37)
	at org.gradle.launcher.daemo
n.server.api.DaemonCommandExe
cution.proceed(DaemonCommandE
xecution.java:104)
	at org.gradle.launcher.daemo
n.server.exec.LogAndCheckHeal
th.execute(LogAndCheckHealth.
java:53)
	at org.gradle.launcher.daemo
n.server.api.DaemonCommandExe
cution.proceed(DaemonCommandE
xecution.java:104)
	at org.gradle.launcher.daemo
n.server.exec.LogToClient.doB
uild(LogToClient.java:63)
	at org.gradle.launcher.daemo
n.server.exec.BuildCommandOnl
y.execute(BuildCommandOnly.ja
va:37)
	at org.gradle.launcher.daemo
n.server.api.DaemonCommandExe
cution.proceed(DaemonCommandE
xecution.java:104)
	at org.gradle.launcher.daemo
n.server.exec.EstablishBuildE
nvironment.doBuild(EstablishB
uildEnvironment.java:84)
	at org.gradle.launcher.daemo
n.server.exec.BuildCommandOnl
y.execute(BuildCommandOnly.ja
va:37)

Deprecated Gradle features were used in this build, making it incompatible with Gradle 9.0.

You can use '--warning-mode all' to show the individual deprecation warnings and determine if they come from your own scripts or plugins.

For more on this, please refer to https://docs.gradle.org/8.14/userguide/command_line_interface.html#sec:command_line_warnings in the Gradle documentation.
	at org.gradle.launcher.daemo
n.server.api.DaemonCommandExe
cution.proceed(DaemonCommandE
xecution.java:104)
	at org.gradle.launcher.daemo
n.server.exec.StartBuildOrRes
pondWithBusy$1.run(StartBuild
OrRespondWithBusy.java:52)
	at org.gradle.launcher.daemo
n.server.DaemonStateCoordinat
or.lambda$runCommand$0(Daemon
StateCoordinator.java:321)
	at org.gradle.internal.concu
rrent.ExecutorPolicy$CatchAnd
RecordFailures.onExecute(Exec
utorPolicy.java:64)
	at org.gradle.internal.concu
rrent.AbstractManagedExecutor
$1.run(AbstractManagedExecuto
r.java:48)
Caused by: org.gradle.api.Unk
nownProjectException: Project
 with path ':pulse-api' could
 not be found in root project
 'Pulse'.
	at org.gradle.api.internal.p
roject.DefaultProject.project
(DefaultProject.java:717)
	at org.gradle.api.internal.p
roject.DefaultProject.project
(DefaultProject.java:710)
	at java.base/jdk.internal.re
flect.NativeMethodAccessorImp
l.invoke0(Native Method)
	at java.base/jdk.internal.re
flect.NativeMethodAccessorImp
l.invoke(NativeMethodAccessor
Impl.java:77)
	at java.base/jdk.internal.re
flect.DelegatingMethodAccesso
rImpl.invoke(DelegatingMethod
AccessorImpl.java:43)
	at org.gradle.internal.metao
bject.BeanDynamicObject$MetaC
lassAdapter.invokeMethod(Bean
DynamicObject.java:547)
	at org.gradle.internal.metao
bject.BeanDynamicObject.tryIn
vokeMethod(BeanDynamicObject.
java:218)
	at org.gradle.api.internal.p
roject.MutableStateAccessAwar
eDynamicObject.tryInvokeMetho
d(MutableStateAccessAwareDyna
micObject.java:111)
	at org.gradle.internal.metao
bject.CompositeDynamicObject.
tryInvokeMethod(CompositeDyna
micObject.java:99)
	at org.gradle.internal.exten
sibility.MixInClosureProperti
esAsMethodsDynamicObject.tryI
nvokeMethod(MixInClosurePrope
rtiesAsMethodsDynamicObject.j
ava:38)
	at org.gradle.groovy.scripts
.BasicScript$ScriptDynamicObj
ect.tryInvokeMethod(BasicScri
pt.java:138)
	at org.gradle.internal.metao
bject.ConfigureDelegate.invok
eMethod(ConfigureDelegate.jav
a:79)
	at build_8mr5kkr9lgz6db0jbet
1464sx$_run_closure3.doCall$o
riginal(C:\Users\MW\Downloads
\coding\PZ\Pulse\build.gradle
:26)
	at build_8mr5kkr9lgz6db0jbet
1464sx$_run_closure3.doCall(C
:\Users\MW\Downloads\coding\P
Z\Pulse\build.gradle)
	at java.base/jdk.internal.re
flect.NativeMethodAccessorImp
l.invoke0(Native Method)
	at java.base/jdk.internal.re
flect.NativeMethodAccessorImp
l.invoke(NativeMethodAccessor
Impl.java:77)
	at java.base/jdk.internal.re
flect.DelegatingMethodAccesso
rImpl.invoke(DelegatingMethod
AccessorImpl.java:43)
	at org.gradle.util.internal.
ClosureBackedAction.execute(C
losureBackedAction.java:73)
	at org.gradle.util.internal.
ConfigureUtil.configureTarget
(ConfigureUtil.java:166)
	at org.gradle.util.internal.
ConfigureUtil.configure(Confi
gureUtil.java:107)
	at org.gradle.api.internal.p
roject.DefaultProject.depende
ncies(DefaultProject.java:136
6)
	at java.base/jdk.internal.re
flect.NativeMethodAccessorImp
l.invoke0(Native Method)
	at java.base/jdk.internal.re
flect.NativeMethodAccessorImp
l.invoke(NativeMethodAccessor
Impl.java:77)
	at java.base/jdk.internal.re
flect.DelegatingMethodAccesso
rImpl.invoke(DelegatingMethod
AccessorImpl.java:43)
	at org.gradle.internal.metao
bject.BeanDynamicObject$MetaC
lassAdapter.invokeMethod(Bean
DynamicObject.java:547)
	at org.gradle.internal.metao
bject.BeanDynamicObject.tryIn
vokeMethod(BeanDynamicObject.
java:218)
	at org.gradle.api.internal.p
roject.MutableStateAccessAwar
eDynamicObject.tryInvokeMetho
d(MutableStateAccessAwareDyna
micObject.java:111)
	at org.gradle.internal.metao
bject.CompositeDynamicObject.
tryInvokeMethod(CompositeDyna
micObject.java:99)
	at org.gradle.internal.exten
sibility.MixInClosureProperti
esAsMethodsDynamicObject.tryI
nvokeMethod(MixInClosurePrope
rtiesAsMethodsDynamicObject.j
ava:38)
	at org.gradle.groovy.scripts
.BasicScript$ScriptDynamicObj
ect.tryInvokeMethod(BasicScri
pt.java:138)
	at org.gradle.internal.metao
bject.AbstractDynamicObject.i
nvokeMethod(AbstractDynamicOb
ject.java:163)
	at org.gradle.api.internal.p
roject.DefaultDynamicLookupRo
utine.invokeMethod(DefaultDyn
amicLookupRoutine.java:58)
	at org.gradle.groovy.scripts
.BasicScript.invokeMethod(Bas
icScript.java:87)
	at build_8mr5kkr9lgz6db0jbet
1464sx.run(C:\Users\MW\Downlo
ads\coding\PZ\Pulse\build.gra
dle:24)
	at org.gradle.groovy.scripts
.internal.DefaultScriptRunner
Factory$ScriptRunnerImpl.run(
DefaultScriptRunnerFactory.ja
va:91)
	... 158 more


BUILD FAILED in 5s
